2021.08.09, 06:27:48.0664 UTC -> Express server listening on port 3000 in development, mode
2021.08.09, 06:29:06.0859 UTC -> Express server listening on port 3000 in development, mode
2021.08.09, 06:29:24.0283 UTC -> Express server listening on port 3000 in development, mode
2021.08.09, 06:36:46.0087 UTC -> Express server listening on port 3000 in development, mode
2021.08.09, 06:39:00.0210 UTC -> Express server listening on port 3000 in development, mode
